310.frag
Warning, version 310 is not yet complete; most version-specific features are present, but some are missing.
ERROR: 0:2: 'float' : type requires declaration of default precision qualifier 
ERROR: 0:8: 'origin_upper_left' : not supported with this profile: es
ERROR: 0:8: 'pixel_center_integer' : not supported with this profile: es
ERROR: 0:8: 'gl_FragCoord' : identifiers starting with "gl_" are reserved 
ERROR: 0:11: 'location' : overlapping use of location 2
ERROR: 0:15: 'usampler2DRect' : Reserved word. 
ERROR: 0:15: 'sampler/image' : type requires declaration of default precision qualifier 
ERROR: 0:23: 'variable indexing sampler array' : not supported with this profile: es
ERROR: 0:27: 'textureGatherOffsets' : no matching overloaded function found 
ERROR: 0:27: '=' :  cannot convert from 'const float' to 'temp mediump 4-component vector of uint'
ERROR: 0:30: 'textureGatherOffset(...)' : must be a compile-time constant: component argument
ERROR: 0:31: 'textureGatherOffset(...)' : must be 0, 1, 2, or 3: component argument
ERROR: 0:42: 'texel offset' : argument must be compile-time constant 
ERROR: 0:44: 'texel offset' : value is out of range: [gl_MinProgramTexelOffset, gl_MaxProgramTexelOffset]
ERROR: 0:44: 'texel offset' : value is out of range: [gl_MinProgramTexelOffset, gl_MaxProgramTexelOffset]
ERROR: 0:45: 'texel offset' : value is out of range: [gl_MinProgramTexelOffset, gl_MaxProgramTexelOffset]
ERROR: 0:45: 'texel offset' : value is out of range: [gl_MinProgramTexelOffset, gl_MaxProgramTexelOffset]
ERROR: 0:66: 'sampler/image' : type requires declaration of default precision qualifier 
ERROR: 0:66: '' : image variables not declared 'writeonly' must have a format layout qualifier 
ERROR: 0:67: '' : image variables not declared 'writeonly' must have a format layout qualifier 
ERROR: 0:68: 'sampler/image' : type requires declaration of default precision qualifier 
ERROR: 0:68: '' : image variables not declared 'writeonly' must have a format layout qualifier 
ERROR: 0:69: '' : image variables not declared 'writeonly' must have a format layout qualifier 
ERROR: 0:73: 'binding' : requires block, or sampler/image, or atomic-counter type 
ERROR: 0:77: 'location' : location is too large 
ERROR: 0:81: 'location' : too large for fragment output 
ERROR: 0:82: 'location' : too large for fragment output 
ERROR: 0:82: 'location' : overlapping use of location 40
ERROR: 0:83: 'non-literal layout-id value' : not supported with this profile: es
ERROR: 0:83: 'layout-id value' : cannot be negative 
ERROR: 0:110: 'out' : cannot be bool 
ERROR: 0:111: 'image2D' : sampler/image types can only be used in uniform variables or function parameters: imageOut
ERROR: 0:111: '' : image variables not declared 'writeonly' must have a format layout qualifier 
ERROR: 0:112: 'out' : cannot be a matrix 
ERROR: 0:114: 'in' : cannot be bool 
ERROR: 0:115: 'sampler2D' : sampler/image types can only be used in uniform variables or function parameters: ino
ERROR: 0:117: 'fragment-shader array-of-array input' : not supported with this profile: es
ERROR: 0:120: 'fragment-shader array-of-struct input' : not supported with this profile: es
ERROR: 0:121: 'fragment-shader array-of-struct input' : not supported with this profile: es
ERROR: 0:123: 'fragment-shader struct input containing an array' : not supported with this profile: es
ERROR: 0:125: 'fragment-shader struct input containing structure' : not supported with this profile: es
ERROR: 0:133: 'out' : cannot declare an output block in a fragment shader 
ERROR: 0:138: '' : cannot nest a structure definition inside a structure or block 
ERROR: 0:146: 'location' : overlapping use of location 13
ERROR: 0:148: 'inbname2' : Cannot reuse block name within the same interface: in
ERROR: 0:153: 'badmember' : nameless block contains a member that already has a name at global scope 
ERROR: 0:157: 'inbname' : redefinition 
ERROR: 0:159: 'vAnon' : redefinition 
ERROR: 0:169: 'variable indexing block array' : not supported with this profile: es
ERROR: 0:173: 'origin_upper_left' : not supported with this profile: es
ERROR: 0:173: 'pixel_center_integer' : not supported with this profile: es
ERROR: 0:173: 'redeclaration' : cannot redeclare with different qualification: gl_FragCoord
ERROR: 0:177: 'depth layout qualifier' : not supported with this profile: es
ERROR: 0:181: 'assign' :  l-value required "gl_FragDepth" (can't modify gl_FragDepth if using early_fragment_tests)
ERROR: 0:182: 'gl_Layer' : required extension not requested: Possible extensions include:
GL_EXT_geometry_shader
GL_OES_geometry_shader
ERROR: 0:183: 'gl_PrimitiveID' : required extension not requested: Possible extensions include:
GL_EXT_geometry_shader
GL_OES_geometry_shader
ERROR: 56 compilation errors.  No code generated.


Shader version: 310
Requested GL_EXT_shader_io_blocks
Requested GL_OES_geometry_shader
Requested GL_OES_shader_io_blocks
gl_FragCoord pixel center is integer
gl_FragCoord origin is upper left
using early_fragment_tests
using depth_any
ERROR: node is still EOpNull!
0:21  Function Definition: main( (global void)
0:21    Function Parameters: 
0:23    Sequence
0:23      Sequence
0:23        move second child to first child (temp highp 4-component vector of float)
0:23          'v' (temp mediump 4-component vector of float)
0:23          Function Call: texture(s21;vf2; (global highp 4-component vector of float)
0:23            indirect index (temp highp sampler2D)
0:23              'arrayedSampler' (uniform 5-element array of highp sampler2D)
0:23              'i' (uniform mediump int)
0:23            'c2D' (smooth in mediump 2-component vector of float)
0:28      Sequence
0:28        move second child to first child (temp highp 4-component vector of float)
0:28          'v4' (temp mediump 4-component vector of float)
0:28          Function Call: textureGather(s21;vf2; (global highp 4-component vector of float)
0:28            direct index (temp highp sampler2D)
0:28              'arrayedSampler' (uniform 5-element array of highp sampler2D)
0:28              Constant:
0:28                0 (const int)
0:28            'c2D' (smooth in mediump 2-component vector of float)
0:29      Sequence
0:29        move second child to first child (temp mediump 4-component vector of int)
0:29          'iv4' (temp mediump 4-component vector of int)
0:29          Function Call: textureGatherOffset(isA21;vf3;vi2;i1; (global mediump 4-component vector of int)
0:29            'isamp2DA' (uniform highp isampler2DArray)
0:29            Constant:
0:29              0.100000
0:29              0.100000
0:29              0.100000
0:29            Constant:
0:29              1 (const int)
0:29              1 (const int)
0:29            Constant:
0:29              3 (const int)
0:30      move second child to first child (temp mediump 4-component vector of int)
0:30        'iv4' (temp mediump 4-component vector of int)
0:30        Function Call: textureGatherOffset(isA21;vf3;vi2;i1; (global mediump 4-component vector of int)
0:30          'isamp2DA' (uniform highp isampler2DArray)
0:30          Constant:
0:30            0.100000
0:30            0.100000
0:30            0.100000
0:30          Constant:
0:30            1 (const int)
0:30            1 (const int)
0:30          'i' (uniform mediump int)
0:31      move second child to first child (temp mediump 4-component vector of int)
0:31        'iv4' (temp mediump 4-component vector of int)
0:31        Function Call: textureGatherOffset(isA21;vf3;vi2;i1; (global mediump 4-component vector of int)
0:31          'isamp2DA' (uniform highp isampler2DArray)
0:31          Constant:
0:31            0.100000
0:31            0.100000
0:31            0.100000
0:31          Constant:
0:31            1 (const int)
0:31            1 (const int)
0:31          Constant:
0:31            4 (const int)
0:32      move second child to first child (temp mediump 4-component vector of int)
0:32        'iv4' (temp mediump 4-component vector of int)
0:32        Function Call: textureGatherOffset(isA21;vf3;vi2;i1; (global mediump 4-component vector of int)
0:32          'isamp2DA' (uniform highp isampler2DArray)
0:32          Constant:
0:32            0.100000
0:32            0.100000
0:32            0.100000
0:32          Constant:
0:32            1 (const int)
0:32            1 (const int)
0:32          Constant:
0:32            3 (const int)
0:33      move second child to first child (temp mediump 4-component vector of int)
0:33        'iv4' (temp mediump 4-component vector of int)
0:33        Function Call: textureGatherOffset(isA21;vf3;vi2; (global mediump 4-component vector of int)
0:33          'isamp2DA' (uniform highp isampler2DArray)
0:33          Constant:
0:33            0.100000
0:33            0.100000
0:33            0.100000
0:33          Construct ivec2 (temp 2-component vector of int)
0:33            'i' (uniform mediump int)
0:38  Function Definition: foo23( (global void)
0:38    Function Parameters: 
0:?     Sequence
0:42      Function Call: textureProjGradOffset(us21;vf4;vf2;vf2;vi2; (global mediump 4-component vector of uint)
0:42        'usamp2d' (uniform highp usampler2D)
0:42        'outp' (out mediump 4-component vector of float)
0:42        Constant:
0:42          0.000000
0:42          0.000000
0:42        Constant:
0:42          0.000000
0:42          0.000000
0:42        Convert float to int (temp 2-component vector of int)
0:42          'c2D' (smooth in mediump 2-component vector of float)
0:43      Function Call: textureProjGradOffset(us21;vf4;vf2;vf2;vi2; (global mediump 4-component vector of uint)
0:43        'usamp2d' (uniform highp usampler2D)
0:43        'outp' (out mediump 4-component vector of float)
0:43        Constant:
0:43          0.000000
0:43          0.000000
0:43        Constant:
0:43          0.000000
0:43          0.000000
0:43        Constant:
0:43          3 (const int)
0:43          4 (const int)
0:44      Function Call: textureProjGradOffset(us21;vf4;vf2;vf2;vi2; (global mediump 4-component vector of uint)
0:44        'usamp2d' (uniform highp usampler2D)
0:44        'outp' (out mediump 4-component vector of float)
0:44        Constant:
0:44          0.000000
0:44          0.000000
0:44        Constant:
0:44          0.000000
0:44          0.000000
0:44        Constant:
0:44          15 (const int)
0:44          16 (const int)
0:45      Function Call: textureProjGradOffset(us21;vf4;vf2;vf2;vi2; (global mediump 4-component vector of uint)
0:45        'usamp2d' (uniform highp usampler2D)
0:45        'outp' (out mediump 4-component vector of float)
0:45        Constant:
0:45          0.000000
0:45          0.000000
0:45        Constant:
0:45          0.000000
0:45          0.000000
0:45        Constant:
0:45          -10 (const int)
0:45          20 (const int)
0:47      Test condition and select (temp void)
0:47        Condition
0:47        'gl_HelperInvocation' (in bool HelperInvocation)
0:47        true case
0:48        Pre-Increment (temp mediump 4-component vector of float)
0:48          'outp' (out mediump 4-component vector of float)
0:50      Sequence
0:50        move second child to first child (temp mediump int)
0:50          'sum' (temp mediump int)
0:50          Constant:
0:50            32 (const int)
0:58      move second child to first child (temp bool)
0:58        'b1' (temp bool)
0:58        mix (global bool)
0:58          'b2' (temp bool)
0:58          'b3' (temp bool)
0:58          'b' (temp bool)
0:59      Sequence
0:59        move second child to first child (temp mediump 3-component vector of uint)
0:59          'um3' (temp mediump 3-component vector of uint)
0:59          mix (global mediump 3-component vector of uint)
0:59            Construct uvec3 (temp mediump 3-component vector of uint)
0:59              Convert int to uint (temp mediump uint)
0:59                'i' (uniform mediump int)
0:59            Construct uvec3 (temp mediump 3-component vector of uint)
0:59              Convert int to uint (temp mediump uint)
0:59                'i' (uniform mediump int)
0:59            Construct bvec3 (temp 3-component vector of bool)
0:59              'b' (temp bool)
0:60      Sequence
0:60        move second child to first child (temp mediump 4-component vector of int)
0:60          'im4' (temp mediump 4-component vector of int)
0:60          mix (global mediump 4-component vector of int)
0:60            Construct ivec4 (temp mediump 4-component vector of int)
0:60              'i' (uniform mediump int)
0:60            Construct ivec4 (temp mediump 4-component vector of int)
0:60              'i' (uniform mediump int)
0:60            Construct bvec4 (temp 4-component vector of bool)
0:60              'b' (temp bool)
0:98  Function Definition: foots( (global void)
0:98    Function Parameters: 
0:100    Sequence
0:100      Sequence
0:100        move second child to first child (temp highp 2-component vector of int)
0:100          'v2' (temp highp 2-component vector of int)
0:100          Function Call: textureSize(s21;i1; (global highp 2-component vector of int)
0:100            's1' (layout(binding=3 ) uniform highp sampler2D)
0:100            Constant:
0:100              2 (const int)
0:101      Sequence
0:101        move second child to first child (temp highp 3-component vector of int)
0:101          'v3' (temp highp 3-component vector of int)
0:101          Function Call: textureSize(isA21;i1; (global highp 3-component vector of int)
0:101            'isamp2DA' (uniform highp isampler2DArray)
0:101            Constant:
0:101              3 (const int)
0:102      move second child to first child (temp highp 2-component vector of int)
0:102        'v2' (temp highp 2-component vector of int)
0:102        Function Call: textureSize(s21; (global highp 2-component vector of int)
0:102          's2dms' (uniform highp sampler2DMS)
0:103      move second child to first child (temp highp 2-component vector of int)
0:103        'v2' (temp highp 2-component vector of int)
0:103        Function Call: imageSize(I21; (global highp 2-component vector of int)
0:103          'i2D' (layout(binding=2 ) writeonly uniform highp image2D)
0:104      move second child to first child (temp highp 3-component vector of int)
0:104        'v3' (temp highp 3-component vector of int)
0:104        Function Call: imageSize(I31; (global highp 3-component vector of int)
0:104          'i3D' (layout(binding=4 ) readonly uniform mediump image3D)
0:105      move second child to first child (temp highp 2-component vector of int)
0:105        'v2' (temp highp 2-component vector of int)
0:105        Function Call: imageSize(IC1; (global highp 2-component vector of int)
0:105          'iCube' (layout(binding=5 ) uniform lowp imageCube)
0:106      move second child to first child (temp highp 3-component vector of int)
0:106        'v3' (temp highp 3-component vector of int)
0:106        Function Call: imageSize(IA21; (global highp 3-component vector of int)
0:106          'i2DA' (layout(binding=6 ) uniform mediump image2DArray)
0:107      move second child to first child (temp highp 2-component vector of int)
0:107        'v2' (temp highp 2-component vector of int)
0:107        Function Call: imageSize(I21; (global highp 2-component vector of int)
0:107          'i2Dqualified' (layout(binding=6 ) coherent volatile restrict uniform highp image2D)
0:165  Function Definition: fooIO( (global void)
0:165    Function Parameters: 
0:167    Sequence
0:167      Sequence
0:167        move second child to first child (temp mediump 4-component vector of float)
0:167          'v' (temp mediump 4-component vector of float)
0:167          add (temp mediump 4-component vector of float)
0:167            v: direct index for structure (in mediump 4-component vector of float)
0:167              'inbinst' (in block{in mediump int a, in mediump 4-component vector of float v, in structure{global mediump int b} s})
0:167              Constant:
0:167                1 (const int)
0:167            vAnon: direct index for structure (layout(location=13 ) centroid in mediump 4-component vector of float)
0:167              'anon@0' (in block{layout(location=12 ) in mediump int aAnon, layout(location=13 ) centroid in mediump 4-component vector of float vAnon})
0:167              Constant:
0:167                1 (const uint)
0:168      vector scale second child into first child (temp mediump 4-component vector of float)
0:168        'v' (temp mediump 4-component vector of float)
0:168        f: direct index for structure (in mediump float)
0:168          direct index (temp block{in mediump float f})
0:168            'arrayedInst' (in 4-element array of block{in mediump float f})
0:168            Constant:
0:168              2 (const int)
0:168          Constant:
0:168            0 (const int)
0:169      vector scale second child into first child (temp mediump 4-component vector of float)
0:169        'v' (temp mediump 4-component vector of float)
0:169        f: direct index for structure (in mediump float)
0:169          indirect index (temp block{in mediump float f})
0:169            'arrayedInst' (in 4-element array of block{in mediump float f})
0:169            'i' (uniform mediump int)
0:169          Constant:
0:169            0 (const int)
0:179  Function Definition: foo_IO( (global void)
0:179    Function Parameters: 
0:181    Sequence
0:181      move second child to first child (temp highp float)
0:181        'gl_FragDepth' (gl_FragDepth highp float FragDepth)
0:181        Constant:
0:181          0.200000
0:182      'gl_Layer' (flat in highp int Layer)
0:183      'gl_PrimitiveID' (flat in highp int PrimitiveID)
0:184      Sequence
0:184        move second child to first child (temp bool)
0:184          'f' (temp bool)
0:184          'gl_FrontFacing' (gl_FrontFacing bool Face)
0:191  Function Definition: foo_GS( (global void)
0:191    Function Parameters: 
0:193    Sequence
0:193      Sequence
0:193        move second child to first child (temp highp int)
0:193          'l' (temp highp int)
0:193          'gl_Layer' (flat in highp int Layer)
0:194      Sequence
0:194        move second child to first child (temp highp int)
0:194          'p' (temp highp int)
0:194          'gl_PrimitiveID' (flat in highp int PrimitiveID)
0:?   Linker Objects
0:?     'gl_FragCoord' (smooth in mediump 4-component vector of float)
0:?     'v3' (layout(location=2 ) smooth in mediump 3-component vector of float)
0:?     'yi' (layout(location=2 ) smooth in mediump 4X4 matrix of float)
0:?     'arrayedSampler' (uniform 5-element array of highp sampler2D)
0:?     'usamp2d' (uniform highp usampler2D)
0:?     'samp2dr' (uniform mediump usampler2DRect)
0:?     'isamp2DA' (uniform highp isampler2DArray)
0:?     'c2D' (smooth in mediump 2-component vector of float)
0:?     'i' (uniform mediump int)
0:?     'outp' (out mediump 4-component vector of float)
0:?     's1' (layout(binding=3 ) uniform highp sampler2D)
0:?     's2' (layout(binding=3 ) uniform highp sampler2D)
0:?     'i2D' (layout(binding=2 ) writeonly uniform highp image2D)
0:?     'i3D' (layout(binding=4 ) readonly uniform mediump image3D)
0:?     'iCube' (layout(binding=5 ) uniform lowp imageCube)
0:?     'i2DA' (layout(binding=6 ) uniform mediump image2DArray)
0:?     'i2Dqualified' (layout(binding=6 ) coherent volatile restrict uniform highp image2D)
0:?     'bbi' (layout(binding=1 column_major shared ) uniform block{layout(column_major shared ) uniform mediump int foo, layout(binding=2 column_major shared ) uniform mediump float f})
0:?     'centroidIn' (centroid smooth in mediump 4-component vector of float)
0:?     'bigl' (uniform mediump 4-component vector of float)
0:?     'bigout1' (layout(location=40 ) out mediump 4-component vector of float)
0:?     'bigout2' (layout(location=40 ) out mediump 4-component vector of float)
0:?     'neg' (out mediump 4-component vector of float)
0:?     'b430i' (layout(column_major std430 ) buffer block{layout(column_major std430 offset=0 ) buffer mediump int i})
0:?     'bshari' (layout(column_major shared ) uniform block{layout(column_major shared ) uniform mediump int i})
0:?     'smoothIn' (smooth in mediump 4-component vector of float)
0:?     'flatIn' (flat in mediump int)
0:?     's2dms' (uniform highp sampler2DMS)
0:?     'bout' (out bool)
0:?     'imageOut' (out highp image2D)
0:?     'mout' (out mediump 2X3 matrix of float)
0:?     'inb' (smooth in bool)
0:?     'ino' (smooth in highp sampler2D)
0:?     'ina' (smooth in 4-element array of mediump float)
0:?     'inaa' (smooth in 4-element array of 2-element array of mediump float)
0:?     'ins' (smooth in structure{global mediump float f})
0:?     'inasa' (smooth in 4-element array of structure{global mediump float f})
0:?     'insa' (smooth in 4-element array of structure{global mediump float f})
0:?     'inSA' (smooth in structure{global 4-element array of mediump float f})
0:?     'inSS' (smooth in structure{global mediump float f, global structure{global mediump float f} s})
0:?     'outbinst' (out block{out mediump int a})
0:?     'inbinst' (in block{in mediump int a, in mediump 4-component vector of float v, in structure{global mediump int b} s})
0:?     'anon@0' (in block{layout(location=12 ) in mediump int aAnon, layout(location=13 ) centroid in mediump 4-component vector of float vAnon})
0:?     'aliased' (layout(location=13 ) smooth in mediump 4-component vector of float)
0:?     'arrayedInst' (in 4-element array of block{in mediump float f})
0:?     'gl_FragDepth' (gl_FragDepth highp float FragDepth)
0:?     'gl_FragDepth' (gl_FragDepth highp float FragDepth)


Linked fragment stage:

ERROR: Linking fragment stage: when more than one fragment shader output, all must have location qualifiers

Shader version: 310
Requested GL_EXT_shader_io_blocks
Requested GL_OES_geometry_shader
Requested GL_OES_shader_io_blocks
gl_FragCoord pixel center is integer
gl_FragCoord origin is upper left
using early_fragment_tests
using depth_any
ERROR: node is still EOpNull!
0:21  Function Definition: main( (global void)
0:21    Function Parameters: 
0:23    Sequence
0:23      Sequence
0:23        move second child to first child (temp highp 4-component vector of float)
0:23          'v' (temp mediump 4-component vector of float)
0:23          Function Call: texture(s21;vf2; (global highp 4-component vector of float)
0:23            indirect index (temp highp sampler2D)
0:23              'arrayedSampler' (uniform 5-element array of highp sampler2D)
0:23              'i' (uniform mediump int)
0:23            'c2D' (smooth in mediump 2-component vector of float)
0:28      Sequence
0:28        move second child to first child (temp highp 4-component vector of float)
0:28          'v4' (temp mediump 4-component vector of float)
0:28          Function Call: textureGather(s21;vf2; (global highp 4-component vector of float)
0:28            direct index (temp highp sampler2D)
0:28              'arrayedSampler' (uniform 5-element array of highp sampler2D)
0:28              Constant:
0:28                0 (const int)
0:28            'c2D' (smooth in mediump 2-component vector of float)
0:29      Sequence
0:29        move second child to first child (temp mediump 4-component vector of int)
0:29          'iv4' (temp mediump 4-component vector of int)
0:29          Function Call: textureGatherOffset(isA21;vf3;vi2;i1; (global mediump 4-component vector of int)
0:29            'isamp2DA' (uniform highp isampler2DArray)
0:29            Constant:
0:29              0.100000
0:29              0.100000
0:29              0.100000
0:29            Constant:
0:29              1 (const int)
0:29              1 (const int)
0:29            Constant:
0:29              3 (const int)
0:30      move second child to first child (temp mediump 4-component vector of int)
0:30        'iv4' (temp mediump 4-component vector of int)
0:30        Function Call: textureGatherOffset(isA21;vf3;vi2;i1; (global mediump 4-component vector of int)
0:30          'isamp2DA' (uniform highp isampler2DArray)
0:30          Constant:
0:30            0.100000
0:30            0.100000
0:30            0.100000
0:30          Constant:
0:30            1 (const int)
0:30            1 (const int)
0:30          'i' (uniform mediump int)
0:31      move second child to first child (temp mediump 4-component vector of int)
0:31        'iv4' (temp mediump 4-component vector of int)
0:31        Function Call: textureGatherOffset(isA21;vf3;vi2;i1; (global mediump 4-component vector of int)
0:31          'isamp2DA' (uniform highp isampler2DArray)
0:31          Constant:
0:31            0.100000
0:31            0.100000
0:31            0.100000
0:31          Constant:
0:31            1 (const int)
0:31            1 (const int)
0:31          Constant:
0:31            4 (const int)
0:32      move second child to first child (temp mediump 4-component vector of int)
0:32        'iv4' (temp mediump 4-component vector of int)
0:32        Function Call: textureGatherOffset(isA21;vf3;vi2;i1; (global mediump 4-component vector of int)
0:32          'isamp2DA' (uniform highp isampler2DArray)
0:32          Constant:
0:32            0.100000
0:32            0.100000
0:32            0.100000
0:32          Constant:
0:32            1 (const int)
0:32            1 (const int)
0:32          Constant:
0:32            3 (const int)
0:33      move second child to first child (temp mediump 4-component vector of int)
0:33        'iv4' (temp mediump 4-component vector of int)
0:33        Function Call: textureGatherOffset(isA21;vf3;vi2; (global mediump 4-component vector of int)
0:33          'isamp2DA' (uniform highp isampler2DArray)
0:33          Constant:
0:33            0.100000
0:33            0.100000
0:33            0.100000
0:33          Construct ivec2 (temp 2-component vector of int)
0:33            'i' (uniform mediump int)
0:38  Function Definition: foo23( (global void)
0:38    Function Parameters: 
0:?     Sequence
0:42      Function Call: textureProjGradOffset(us21;vf4;vf2;vf2;vi2; (global mediump 4-component vector of uint)
0:42        'usamp2d' (uniform highp usampler2D)
0:42        'outp' (out mediump 4-component vector of float)
0:42        Constant:
0:42          0.000000
0:42          0.000000
0:42        Constant:
0:42          0.000000
0:42          0.000000
0:42        Convert float to int (temp 2-component vector of int)
0:42          'c2D' (smooth in mediump 2-component vector of float)
0:43      Function Call: textureProjGradOffset(us21;vf4;vf2;vf2;vi2; (global mediump 4-component vector of uint)
0:43        'usamp2d' (uniform highp usampler2D)
0:43        'outp' (out mediump 4-component vector of float)
0:43        Constant:
0:43          0.000000
0:43          0.000000
0:43        Constant:
0:43          0.000000
0:43          0.000000
0:43        Constant:
0:43          3 (const int)
0:43          4 (const int)
0:44      Function Call: textureProjGradOffset(us21;vf4;vf2;vf2;vi2; (global mediump 4-component vector of uint)
0:44        'usamp2d' (uniform highp usampler2D)
0:44        'outp' (out mediump 4-component vector of float)
0:44        Constant:
0:44          0.000000
0:44          0.000000
0:44        Constant:
0:44          0.000000
0:44          0.000000
0:44        Constant:
0:44          15 (const int)
0:44          16 (const int)
0:45      Function Call: textureProjGradOffset(us21;vf4;vf2;vf2;vi2; (global mediump 4-component vector of uint)
0:45        'usamp2d' (uniform highp usampler2D)
0:45        'outp' (out mediump 4-component vector of float)
0:45        Constant:
0:45          0.000000
0:45          0.000000
0:45        Constant:
0:45          0.000000
0:45          0.000000
0:45        Constant:
0:45          -10 (const int)
0:45          20 (const int)
0:47      Test condition and select (temp void)
0:47        Condition
0:47        'gl_HelperInvocation' (in bool HelperInvocation)
0:47        true case
0:48        Pre-Increment (temp mediump 4-component vector of float)
0:48          'outp' (out mediump 4-component vector of float)
0:50      Sequence
0:50        move second child to first child (temp mediump int)
0:50          'sum' (temp mediump int)
0:50          Constant:
0:50            32 (const int)
0:58      move second child to first child (temp bool)
0:58        'b1' (temp bool)
0:58        mix (global bool)
0:58          'b2' (temp bool)
0:58          'b3' (temp bool)
0:58          'b' (temp bool)
0:59      Sequence
0:59        move second child to first child (temp mediump 3-component vector of uint)
0:59          'um3' (temp mediump 3-component vector of uint)
0:59          mix (global mediump 3-component vector of uint)
0:59            Construct uvec3 (temp mediump 3-component vector of uint)
0:59              Convert int to uint (temp mediump uint)
0:59                'i' (uniform mediump int)
0:59            Construct uvec3 (temp mediump 3-component vector of uint)
0:59              Convert int to uint (temp mediump uint)
0:59                'i' (uniform mediump int)
0:59            Construct bvec3 (temp 3-component vector of bool)
0:59              'b' (temp bool)
0:60      Sequence
0:60        move second child to first child (temp mediump 4-component vector of int)
0:60          'im4' (temp mediump 4-component vector of int)
0:60          mix (global mediump 4-component vector of int)
0:60            Construct ivec4 (temp mediump 4-component vector of int)
0:60              'i' (uniform mediump int)
0:60            Construct ivec4 (temp mediump 4-component vector of int)
0:60              'i' (uniform mediump int)
0:60            Construct bvec4 (temp 4-component vector of bool)
0:60              'b' (temp bool)
0:98  Function Definition: foots( (global void)
0:98    Function Parameters: 
0:100    Sequence
0:100      Sequence
0:100        move second child to first child (temp highp 2-component vector of int)
0:100          'v2' (temp highp 2-component vector of int)
0:100          Function Call: textureSize(s21;i1; (global highp 2-component vector of int)
0:100            's1' (layout(binding=3 ) uniform highp sampler2D)
0:100            Constant:
0:100              2 (const int)
0:101      Sequence
0:101        move second child to first child (temp highp 3-component vector of int)
0:101          'v3' (temp highp 3-component vector of int)
0:101          Function Call: textureSize(isA21;i1; (global highp 3-component vector of int)
0:101            'isamp2DA' (uniform highp isampler2DArray)
0:101            Constant:
0:101              3 (const int)
0:102      move second child to first child (temp highp 2-component vector of int)
0:102        'v2' (temp highp 2-component vector of int)
0:102        Function Call: textureSize(s21; (global highp 2-component vector of int)
0:102          's2dms' (uniform highp sampler2DMS)
0:103      move second child to first child (temp highp 2-component vector of int)
0:103        'v2' (temp highp 2-component vector of int)
0:103        Function Call: imageSize(I21; (global highp 2-component vector of int)
0:103          'i2D' (layout(binding=2 ) writeonly uniform highp image2D)
0:104      move second child to first child (temp highp 3-component vector of int)
0:104        'v3' (temp highp 3-component vector of int)
0:104        Function Call: imageSize(I31; (global highp 3-component vector of int)
0:104          'i3D' (layout(binding=4 ) readonly uniform mediump image3D)
0:105      move second child to first child (temp highp 2-component vector of int)
0:105        'v2' (temp highp 2-component vector of int)
0:105        Function Call: imageSize(IC1; (global highp 2-component vector of int)
0:105          'iCube' (layout(binding=5 ) uniform lowp imageCube)
0:106      move second child to first child (temp highp 3-component vector of int)
0:106        'v3' (temp highp 3-component vector of int)
0:106        Function Call: imageSize(IA21; (global highp 3-component vector of int)
0:106          'i2DA' (layout(binding=6 ) uniform mediump image2DArray)
0:107      move second child to first child (temp highp 2-component vector of int)
0:107        'v2' (temp highp 2-component vector of int)
0:107        Function Call: imageSize(I21; (global highp 2-component vector of int)
0:107          'i2Dqualified' (layout(binding=6 ) coherent volatile restrict uniform highp image2D)
0:165  Function Definition: fooIO( (global void)
0:165    Function Parameters: 
0:167    Sequence
0:167      Sequence
0:167        move second child to first child (temp mediump 4-component vector of float)
0:167          'v' (temp mediump 4-component vector of float)
0:167          add (temp mediump 4-component vector of float)
0:167            v: direct index for structure (in mediump 4-component vector of float)
0:167              'inbinst' (in block{in mediump int a, in mediump 4-component vector of float v, in structure{global mediump int b} s})
0:167              Constant:
0:167                1 (const int)
0:167            vAnon: direct index for structure (layout(location=13 ) centroid in mediump 4-component vector of float)
0:167              'anon@0' (in block{layout(location=12 ) in mediump int aAnon, layout(location=13 ) centroid in mediump 4-component vector of float vAnon})
0:167              Constant:
0:167                1 (const uint)
0:168      vector scale second child into first child (temp mediump 4-component vector of float)
0:168        'v' (temp mediump 4-component vector of float)
0:168        f: direct index for structure (in mediump float)
0:168          direct index (temp block{in mediump float f})
0:168            'arrayedInst' (in 4-element array of block{in mediump float f})
0:168            Constant:
0:168              2 (const int)
0:168          Constant:
0:168            0 (const int)
0:169      vector scale second child into first child (temp mediump 4-component vector of float)
0:169        'v' (temp mediump 4-component vector of float)
0:169        f: direct index for structure (in mediump float)
0:169          indirect index (temp block{in mediump float f})
0:169            'arrayedInst' (in 4-element array of block{in mediump float f})
0:169            'i' (uniform mediump int)
0:169          Constant:
0:169            0 (const int)
0:179  Function Definition: foo_IO( (global void)
0:179    Function Parameters: 
0:181    Sequence
0:181      move second child to first child (temp highp float)
0:181        'gl_FragDepth' (gl_FragDepth highp float FragDepth)
0:181        Constant:
0:181          0.200000
0:182      'gl_Layer' (flat in highp int Layer)
0:183      'gl_PrimitiveID' (flat in highp int PrimitiveID)
0:184      Sequence
0:184        move second child to first child (temp bool)
0:184          'f' (temp bool)
0:184          'gl_FrontFacing' (gl_FrontFacing bool Face)
0:191  Function Definition: foo_GS( (global void)
0:191    Function Parameters: 
0:193    Sequence
0:193      Sequence
0:193        move second child to first child (temp highp int)
0:193          'l' (temp highp int)
0:193          'gl_Layer' (flat in highp int Layer)
0:194      Sequence
0:194        move second child to first child (temp highp int)
0:194          'p' (temp highp int)
0:194          'gl_PrimitiveID' (flat in highp int PrimitiveID)
0:?   Linker Objects
0:?     'gl_FragCoord' (smooth in mediump 4-component vector of float)
0:?     'v3' (layout(location=2 ) smooth in mediump 3-component vector of float)
0:?     'yi' (layout(location=2 ) smooth in mediump 4X4 matrix of float)
0:?     'arrayedSampler' (uniform 5-element array of highp sampler2D)
0:?     'usamp2d' (uniform highp usampler2D)
0:?     'samp2dr' (uniform mediump usampler2DRect)
0:?     'isamp2DA' (uniform highp isampler2DArray)
0:?     'c2D' (smooth in mediump 2-component vector of float)
0:?     'i' (uniform mediump int)
0:?     'outp' (out mediump 4-component vector of float)
0:?     's1' (layout(binding=3 ) uniform highp sampler2D)
0:?     's2' (layout(binding=3 ) uniform highp sampler2D)
0:?     'i2D' (layout(binding=2 ) writeonly uniform highp image2D)
0:?     'i3D' (layout(binding=4 ) readonly uniform mediump image3D)
0:?     'iCube' (layout(binding=5 ) uniform lowp imageCube)
0:?     'i2DA' (layout(binding=6 ) uniform mediump image2DArray)
0:?     'i2Dqualified' (layout(binding=6 ) coherent volatile restrict uniform highp image2D)
0:?     'bbi' (layout(binding=1 column_major shared ) uniform block{layout(column_major shared ) uniform mediump int foo, layout(binding=2 column_major shared ) uniform mediump float f})
0:?     'centroidIn' (centroid smooth in mediump 4-component vector of float)
0:?     'bigl' (uniform mediump 4-component vector of float)
0:?     'bigout1' (layout(location=40 ) out mediump 4-component vector of float)
0:?     'bigout2' (layout(location=40 ) out mediump 4-component vector of float)
0:?     'neg' (out mediump 4-component vector of float)
0:?     'b430i' (layout(column_major std430 ) buffer block{layout(column_major std430 offset=0 ) buffer mediump int i})
0:?     'bshari' (layout(column_major shared ) uniform block{layout(column_major shared ) uniform mediump int i})
0:?     'smoothIn' (smooth in mediump 4-component vector of float)
0:?     'flatIn' (flat in mediump int)
0:?     's2dms' (uniform highp sampler2DMS)
0:?     'bout' (out bool)
0:?     'imageOut' (out highp image2D)
0:?     'mout' (out mediump 2X3 matrix of float)
0:?     'inb' (smooth in bool)
0:?     'ino' (smooth in highp sampler2D)
0:?     'ina' (smooth in 4-element array of mediump float)
0:?     'inaa' (smooth in 4-element array of 2-element array of mediump float)
0:?     'ins' (smooth in structure{global mediump float f})
0:?     'inasa' (smooth in 4-element array of structure{global mediump float f})
0:?     'insa' (smooth in 4-element array of structure{global mediump float f})
0:?     'inSA' (smooth in structure{global 4-element array of mediump float f})
0:?     'inSS' (smooth in structure{global mediump float f, global structure{global mediump float f} s})
0:?     'outbinst' (out block{out mediump int a})
0:?     'inbinst' (in block{in mediump int a, in mediump 4-component vector of float v, in structure{global mediump int b} s})
0:?     'anon@0' (in block{layout(location=12 ) in mediump int aAnon, layout(location=13 ) centroid in mediump 4-component vector of float vAnon})
0:?     'aliased' (layout(location=13 ) smooth in mediump 4-component vector of float)
0:?     'arrayedInst' (in 4-element array of block{in mediump float f})
0:?     'gl_FragDepth' (gl_FragDepth highp float FragDepth)
0:?     'gl_FragDepth' (gl_FragDepth highp float FragDepth)

