spv.do-while-continue-break.vert



Linked vertex stage:



// Module Version 99
// Generated by (magic number): 51a00bb
// Id's are bound by 48

                              Source ESSL 300
               1:             ExtInstImport  "GLSL.std.450"
                              MemoryModel Logical GLSL450
                              EntryPoint Vertex 4
                              Name 4  "main"
                              Name 9  "i"
                              Name 15  "A"
                              Name 22  "B"
                              Name 25  "C"
                              Name 31  "D"
                              Name 34  "E"
                              Name 36  "F"
                              Name 43  "G"
                              Name 46  "gl_VertexID"
                              Name 47  "gl_InstanceID"
                              Decorate 9(i) PrecisionHigh 
                              Decorate 15(A) PrecisionHigh 
                              Decorate 22(B) PrecisionHigh 
                              Decorate 25(C) PrecisionHigh 
                              Decorate 31(D) PrecisionHigh 
                              Decorate 34(E) PrecisionHigh 
                              Decorate 36(F) PrecisionHigh 
                              Decorate 43(G) PrecisionHigh 
                              Decorate 46(gl_VertexID) PrecisionHigh 
                              Decorate 46(gl_VertexID) BuiltIn VertexId
                              Decorate 46(gl_VertexID) NoStaticUse 
                              Decorate 47(gl_InstanceID) PrecisionHigh 
                              Decorate 47(gl_InstanceID) BuiltIn InstanceId
                              Decorate 47(gl_InstanceID) NoStaticUse 
               2:             TypeVoid
               3:             TypeFunction 2 
               7:             TypeInt 32 1
               8:             TypePointer Function 7(int)
              10:      7(int) Constant 0
              17:      7(int) Constant 2
              18:             TypeBool
              23:      7(int) Constant 1
              27:      7(int) Constant 5
              32:      7(int) Constant 3
              35:      7(int) Constant 42
              37:      7(int) Constant 99
              40:      7(int) Constant 19
              44:      7(int) Constant 12
              45:             TypePointer Input 7(int)
 46(gl_VertexID):     45(ptr) Variable Input 
47(gl_InstanceID):     45(ptr) Variable Input 
         4(main):           2 Function None 3
               5:             Label
            9(i):      8(ptr) Variable Function 
           15(A):      8(ptr) Variable Function 
           22(B):      8(ptr) Variable Function 
           25(C):      8(ptr) Variable Function 
           31(D):      8(ptr) Variable Function 
           34(E):      8(ptr) Variable Function 
           36(F):      8(ptr) Variable Function 
           43(G):      8(ptr) Variable Function 
                              Store 9(i) 10 
                              Branch 11
              11:             Label
                              LoopMerge 12 None
                              Branch 13
              13:             Label
                              Store 15(A) 10 
              16:      7(int) Load 9(i) 
              19:    18(bool) IEqual 16 17
                              SelectionMerge 21 None
                              BranchConditional 19 20 21 
              20:               Label
                                Store 22(B) 23 
                                Branch 14
              24:               Label
                                Store 25(C) 17 
                                Branch 21
              21:             Label
              26:      7(int) Load 9(i) 
              28:    18(bool) IEqual 26 27
                              SelectionMerge 30 None
                              BranchConditional 28 29 30 
              29:               Label
                                Store 31(D) 32 
                                Branch 12
              33:               Label
                                Store 34(E) 35 
                                Branch 30
              30:             Label
                              Store 36(F) 37 
                              Branch 14
              14:             Label
              38:      7(int) Load 9(i) 
              39:      7(int) IAdd 38 23
                              Store 9(i) 39 
              41:    18(bool) SLessThan 39 40
                              BranchConditional 41 42 12 
              42:             Label
                              Branch 11
              12:             Label
                              Store 43(G) 44 
                              Branch 6
               6:             Label
                              Return
                              FunctionEnd
