spv.300layout.vert

Linked vertex stage:


Missing functionality: binary operation on matrix
