spv.420.geom
Warning, version 420 is not yet complete; most version-specific features are present, but some are missing.


Linked geometry stage:


Missing functionality: texture gather
