spv.310.comp
Warning, version 310 is not yet complete; most version-specific features are present, but some are missing.


Linked compute stage:


Missing functionality: Unsized array
